// Jest Snapshot v1, https://goo.gl/fbAQLP

exports[`Given the Product component when the component is rendered should render the component with provided props 1`] = `
<div>
  Product 1
   - 
  <WithStyle(Button)
    onClick={[MockFunction]}
    value="removeProduct"
  >
    Remove
  </WithStyle(Button)>
</div>
`;
